// Jest Snapshot v1, https://goo.gl/fbAQLP

exports[`components/Calendar /Month 1`] = `
<div>
  <table
    class="table"
  >
    <thead>
      <tr>
        <th
          class="dayHead"
        >
          Sun
        </th>
        <th
          class="dayHead"
        >
          Mon
        </th>
        <th
          class="dayHead"
        >
          Tue
        </th>
        <th
          class="dayHead"
        >
          Wed
        </th>
        <th
          class="dayHead"
        >
          Thu
        </th>
        <th
          class="dayHead"
        >
          Fri
        </th>
        <th
          class="dayHead"
        >
          Sat
        </th>
      </tr>
    </thead>
    <tbody>
      <tr
        class="tr"
      >
        <td
          class="day"
        >
          <button
            class="button"
            title="2020-04-26"
            type="button"
          >
            26
          </button>
        </td>
        <td
          class="day"
        >
          <button
            class="button"
            title="2020-04-27"
            type="button"
          >
            27
          </button>
        </td>
        <td
          class="day"
        >
          <button
            class="button"
            title="2020-04-28"
            type="button"
          >
            28
          </button>
        </td>
        <td
          class="day"
        >
          <button
            class="button"
            title="2020-04-29"
            type="button"
          >
            29
          </button>
        </td>
        <td
          class="day"
        >
          <button
            class="button"
            title="2020-04-30"
            type="button"
          >
            30
          </button>
        </td>
        <td
          class="day"
        >
          <button
            class="button activeMonth"
            title="2020-05-1"
            type="button"
          >
            1
          </button>
        </td>
        <td
          class="day"
        >
          <button
            class="button activeMonth"
            title="2020-05-2"
            type="button"
          >
            2
          </button>
        </td>
      </tr>
      <tr
        class="tr"
      >
        <td
          class="day"
        >
          <button
            class="button activeMonth"
            title="2020-05-3"
            type="button"
          >
            3
          </button>
        </td>
        <td
          class="day"
        >
          <button
            class="button activeMonth"
            title="2020-05-4"
            type="button"
          >
            4
          </button>
        </td>
        <td
          class="day hasTask"
        >
          <button
            class="button activeMonth choosen"
            title="2020-05-5"
            type="button"
          >
            5
          </button>
        </td>
        <td
          class="day"
        >
          <button
            class="button activeMonth"
            title="2020-05-6"
            type="button"
          >
            6
          </button>
        </td>
        <td
          class="day"
        >
          <button
            class="button activeMonth"
            title="2020-05-7"
            type="button"
          >
            7
          </button>
        </td>
        <td
          class="day"
        >
          <button
            class="button activeMonth"
            title="2020-05-8"
            type="button"
          >
            8
          </button>
        </td>
        <td
          class="day"
        >
          <button
            class="button activeMonth"
            title="2020-05-9"
            type="button"
          >
            9
          </button>
        </td>
      </tr>
      <tr
        class="tr"
      >
        <td
          class="day"
        >
          <button
            class="button activeMonth"
            title="2020-05-10"
            type="button"
          >
            10
          </button>
        </td>
        <td
          class="day"
        >
          <button
            class="button activeMonth"
            title="2020-05-11"
            type="button"
          >
            11
          </button>
        </td>
        <td
          class="day"
        >
          <button
            class="button activeMonth"
            title="2020-05-12"
            type="button"
          >
            12
          </button>
        </td>
        <td
          class="day"
        >
          <button
            class="button activeMonth"
            title="2020-05-13"
            type="button"
          >
            13
          </button>
        </td>
        <td
          class="day"
        >
          <button
            class="button activeMonth"
            title="2020-05-14"
            type="button"
          >
            14
          </button>
        </td>
        <td
          class="day"
        >
          <button
            class="button activeMonth"
            title="2020-05-15"
            type="button"
          >
            15
          </button>
        </td>
        <td
          class="day"
        >
          <button
            class="button activeMonth"
            title="2020-05-16"
            type="button"
          >
            16
          </button>
        </td>
      </tr>
      <tr
        class="tr"
      >
        <td
          class="day"
        >
          <button
            class="button activeMonth"
            title="2020-05-17"
            type="button"
          >
            17
          </button>
        </td>
        <td
          class="day"
        >
          <button
            class="button activeMonth"
            title="2020-05-18"
            type="button"
          >
            18
          </button>
        </td>
        <td
          class="day"
        >
          <button
            class="button activeMonth"
            title="2020-05-19"
            type="button"
          >
            19
          </button>
        </td>
        <td
          class="day"
        >
          <button
            class="button activeMonth"
            title="2020-05-20"
            type="button"
          >
            20
          </button>
        </td>
        <td
          class="day"
        >
          <button
            class="button activeMonth"
            title="2020-05-21"
            type="button"
          >
            21
          </button>
        </td>
        <td
          class="day"
        >
          <button
            class="button activeMonth"
            title="2020-05-22"
            type="button"
          >
            22
          </button>
        </td>
        <td
          class="day"
        >
          <button
            class="button activeMonth"
            title="2020-05-23"
            type="button"
          >
            23
          </button>
        </td>
      </tr>
      <tr
        class="tr"
      >
        <td
          class="day"
        >
          <button
            class="button activeMonth"
            title="2020-05-24"
            type="button"
          >
            24
          </button>
        </td>
        <td
          class="day"
        >
          <button
            class="button activeMonth"
            title="2020-05-25"
            type="button"
          >
            25
          </button>
        </td>
        <td
          class="day"
        >
          <button
            class="button activeMonth"
            title="2020-05-26"
            type="button"
          >
            26
          </button>
        </td>
        <td
          class="day"
        >
          <button
            class="button activeMonth"
            title="2020-05-27"
            type="button"
          >
            27
          </button>
        </td>
        <td
          class="day"
        >
          <button
            class="button activeMonth"
            title="2020-05-28"
            type="button"
          >
            28
          </button>
        </td>
        <td
          class="day"
        >
          <button
            class="button activeMonth"
            title="2020-05-29"
            type="button"
          >
            29
          </button>
        </td>
        <td
          class="day"
        >
          <button
            class="button activeMonth"
            title="2020-05-30"
            type="button"
          >
            30
          </button>
        </td>
      </tr>
      <tr
        class="tr"
      >
        <td
          class="day"
        >
          <button
            class="button activeMonth"
            title="2020-05-31"
            type="button"
          >
            31
          </button>
        </td>
        <td
          class="day"
        >
          <button
            class="button"
            title="2020-06-1"
            type="button"
          >
            1
          </button>
        </td>
        <td
          class="day"
        >
          <button
            class="button"
            title="2020-06-2"
            type="button"
          >
            2
          </button>
        </td>
        <td
          class="day"
        >
          <button
            class="button"
            title="2020-06-3"
            type="button"
          >
            3
          </button>
        </td>
        <td
          class="day"
        >
          <button
            class="button"
            title="2020-06-4"
            type="button"
          >
            4
          </button>
        </td>
        <td
          class="day"
        >
          <button
            class="button"
            title="2020-06-5"
            type="button"
          >
            5
          </button>
        </td>
        <td
          class="day"
        >
          <button
            class="button"
            title="2020-06-6"
            type="button"
          >
            6
          </button>
        </td>
      </tr>
    </tbody>
  </table>
</div>
`;

exports[`components/Calendar /Month 2`] = `
<div>
  <table
    class="table"
  >
    <thead>
      <tr>
        <th
          class="dayHead"
        >
          Sun
        </th>
        <th
          class="dayHead"
        >
          Mon
        </th>
        <th
          class="dayHead"
        >
          Tue
        </th>
        <th
          class="dayHead"
        >
          Wed
        </th>
        <th
          class="dayHead"
        >
          Thu
        </th>
        <th
          class="dayHead"
        >
          Fri
        </th>
        <th
          class="dayHead"
        >
          Sat
        </th>
      </tr>
    </thead>
    <tbody>
      <tr
        class="tr"
      >
        <td
          class="day"
        >
          <button
            class="button"
            title="2020-04-26"
            type="button"
          >
            26
          </button>
        </td>
        <td
          class="day"
        >
          <button
            class="button"
            title="2020-04-27"
            type="button"
          >
            27
          </button>
        </td>
        <td
          class="day"
        >
          <button
            class="button"
            title="2020-04-28"
            type="button"
          >
            28
          </button>
        </td>
        <td
          class="day"
        >
          <button
            class="button"
            title="2020-04-29"
            type="button"
          >
            29
          </button>
        </td>
        <td
          class="day"
        >
          <button
            class="button"
            title="2020-04-30"
            type="button"
          >
            30
          </button>
        </td>
        <td
          class="day"
        >
          <button
            class="button activeMonth"
            title="2020-05-1"
            type="button"
          >
            1
          </button>
        </td>
        <td
          class="day"
        >
          <button
            class="button activeMonth"
            title="2020-05-2"
            type="button"
          >
            2
          </button>
        </td>
      </tr>
      <tr
        class="tr"
      >
        <td
          class="day"
        >
          <button
            class="button activeMonth"
            title="2020-05-3"
            type="button"
          >
            3
          </button>
        </td>
        <td
          class="day"
        >
          <button
            class="button activeMonth"
            title="2020-05-4"
            type="button"
          >
            4
          </button>
        </td>
        <td
          class="day"
        >
          <button
            class="button activeMonth"
            title="2020-05-5"
            type="button"
          >
            5
          </button>
        </td>
        <td
          class="day hasTask"
        >
          <button
            class="button activeMonth"
            title="2020-05-6"
            type="button"
          >
            6
          </button>
        </td>
        <td
          class="day"
        >
          <button
            class="button activeMonth"
            title="2020-05-7"
            type="button"
          >
            7
          </button>
        </td>
        <td
          class="day hasTask"
        >
          <button
            class="button activeMonth"
            title="2020-05-8"
            type="button"
          >
            8
          </button>
        </td>
        <td
          class="day"
        >
          <button
            class="button activeMonth"
            title="2020-05-9"
            type="button"
          >
            9
          </button>
        </td>
      </tr>
      <tr
        class="tr"
      >
        <td
          class="day"
        >
          <button
            class="button activeMonth"
            title="2020-05-10"
            type="button"
          >
            10
          </button>
        </td>
        <td
          class="day hasTask"
        >
          <button
            class="button activeMonth"
            title="2020-05-11"
            type="button"
          >
            11
          </button>
        </td>
        <td
          class="day"
        >
          <button
            class="button activeMonth"
            title="2020-05-12"
            type="button"
          >
            12
          </button>
        </td>
        <td
          class="day"
        >
          <button
            class="button activeMonth"
            title="2020-05-13"
            type="button"
          >
            13
          </button>
        </td>
        <td
          class="day"
        >
          <button
            class="button activeMonth choosen"
            title="2020-05-14"
            type="button"
          >
            14
          </button>
        </td>
        <td
          class="day"
        >
          <button
            class="button activeMonth"
            title="2020-05-15"
            type="button"
          >
            15
          </button>
        </td>
        <td
          class="day"
        >
          <button
            class="button activeMonth"
            title="2020-05-16"
            type="button"
          >
            16
          </button>
        </td>
      </tr>
      <tr
        class="tr"
      >
        <td
          class="day"
        >
          <button
            class="button activeMonth"
            title="2020-05-17"
            type="button"
          >
            17
          </button>
        </td>
        <td
          class="day"
        >
          <button
            class="button activeMonth"
            title="2020-05-18"
            type="button"
          >
            18
          </button>
        </td>
        <td
          class="day"
        >
          <button
            class="button activeMonth"
            title="2020-05-19"
            type="button"
          >
            19
          </button>
        </td>
        <td
          class="day"
        >
          <button
            class="button activeMonth"
            title="2020-05-20"
            type="button"
          >
            20
          </button>
        </td>
        <td
          class="day"
        >
          <button
            class="button activeMonth"
            title="2020-05-21"
            type="button"
          >
            21
          </button>
        </td>
        <td
          class="day"
        >
          <button
            class="button activeMonth"
            title="2020-05-22"
            type="button"
          >
            22
          </button>
        </td>
        <td
          class="day"
        >
          <button
            class="button activeMonth"
            title="2020-05-23"
            type="button"
          >
            23
          </button>
        </td>
      </tr>
      <tr
        class="tr"
      >
        <td
          class="day"
        >
          <button
            class="button activeMonth"
            title="2020-05-24"
            type="button"
          >
            24
          </button>
        </td>
        <td
          class="day"
        >
          <button
            class="button activeMonth"
            title="2020-05-25"
            type="button"
          >
            25
          </button>
        </td>
        <td
          class="day"
        >
          <button
            class="button activeMonth"
            title="2020-05-26"
            type="button"
          >
            26
          </button>
        </td>
        <td
          class="day"
        >
          <button
            class="button activeMonth"
            title="2020-05-27"
            type="button"
          >
            27
          </button>
        </td>
        <td
          class="day"
        >
          <button
            class="button activeMonth"
            title="2020-05-28"
            type="button"
          >
            28
          </button>
        </td>
        <td
          class="day"
        >
          <button
            class="button activeMonth"
            title="2020-05-29"
            type="button"
          >
            29
          </button>
        </td>
        <td
          class="day"
        >
          <button
            class="button activeMonth"
            title="2020-05-30"
            type="button"
          >
            30
          </button>
        </td>
      </tr>
      <tr
        class="tr"
      >
        <td
          class="day"
        >
          <button
            class="button activeMonth"
            title="2020-05-31"
            type="button"
          >
            31
          </button>
        </td>
        <td
          class="day"
        >
          <button
            class="button"
            title="2020-06-1"
            type="button"
          >
            1
          </button>
        </td>
        <td
          class="day"
        >
          <button
            class="button"
            title="2020-06-2"
            type="button"
          >
            2
          </button>
        </td>
        <td
          class="day"
        >
          <button
            class="button"
            title="2020-06-3"
            type="button"
          >
            3
          </button>
        </td>
        <td
          class="day"
        >
          <button
            class="button"
            title="2020-06-4"
            type="button"
          >
            4
          </button>
        </td>
        <td
          class="day"
        >
          <button
            class="button"
            title="2020-06-5"
            type="button"
          >
            5
          </button>
        </td>
        <td
          class="day"
        >
          <button
            class="button"
            title="2020-06-6"
            type="button"
          >
            6
          </button>
        </td>
      </tr>
    </tbody>
  </table>
</div>
`;
