// Jest Snapshot v1, https://goo.gl/fbAQLP

exports[`components/Modal render with button 1`] = `<div />`;

exports[`components/Modal render with children 1`] = `<div />`;

exports[`components/Modal render with description 1`] = `<div />`;

exports[`components/Modal render with description 2`] = `<div />`;

exports[`components/Modal render with title 1`] = `<div />`;
